// Jest Snapshot v1, https://goo.gl/fbAQLP

exports[`<CardBase /> should match snapshot 1`] = `
.c10 {
  color: #000;
  font-size: 2em;
}

.c5 {
  width: 100%;
}

.c6 {
  border-bottom: solid 1px #dbb680;
  padding: 15px 0px;
}

.c12 {
  display: none;
  -webkit-transition: display 0.5s ease-in-out;
  transition: display 0.5s ease-in-out;
  margin-left: 50px;
}

.c8 {
  width: 50px;
  min-width: 50px;
  text-align: center;
  cursor: pointer;
  -webkit-user-select: none;
  -moz-user-select: none;
  -ms-user-select: none;
  user-select: none;
}

.c9 {
  -webkit-transform: rotate(0deg);
  -ms-transform: rotate(0deg);
  transform: rotate(0deg);
  -webkit-transition: all 0.2s ease-out;
  transition: all 0.2s ease-out;
  overflow: hidden;
}

.c7 {
  display: -webkit-box;
  display: -webkit-flex;
  display: -ms-flexbox;
  display: flex;
  -webkit-flex-direction: row;
  -ms-flex-direction: row;
  flex-direction: row;
  cursor: pointer;
  -webkit-user-select: none;
  -moz-user-select: none;
  -ms-user-select: none;
  user-select: none;
}

.c7 p {
  font-size: 18px;
  cursor: pointer;
  -webkit-user-select: none;
  -moz-user-select: none;
  -ms-user-select: none;
  user-select: none;
}

.c14 {
  min-width: 250px;
  width: 250px;
  text-align: center;
}

.c16 {
  height: 45px;
  font-family: 'AIAMedium';
  text-transform: none;
  font-size: 14px;
  border: 0px;
  display: inline-block;
  background: #D31145;
  -webkit-transition: width 0.3s ease,min-width 0.3s ease,background-color 0.3s ease,border-radius 0.3s ease,border 0.3s ease,display 0.3s ease;
  transition: width 0.3s ease,min-width 0.3s ease,background-color 0.3s ease,border-radius 0.3s ease,border 0.3s ease,display 0.3s ease;
  color: #FFFFFF;
  background-color: #FFF;
  background-image: linear-gradient(to bottom,#d31145,#D31145,#d31145);
  border: none;
  border-radius: 5px;
}

.c16:active {
  -webkit-transform: scale(0.9);
  -ms-transform: scale(0.9);
  transform: scale(0.9);
  -webkit-transition: scale 0.1s ease-in-out;
  transition: scale 0.1s ease-in-out;
}

.c16:focus {
  outline: none;
}

.c16:disabled {
  -webkit-transform: scale(1);
  -ms-transform: scale(1);
  transform: scale(1);
  opacity: 0.4;
  -webkit-filter: alpha(opacity=40);
  filter: alpha(opacity=40);
}

.c0 {
  font-family: 'AIARegular';
  box-shadow: 0 0 10px 2px rgba(0,0,0,0.2);
  border-radius: 10px 10px;
  max-width: 380px;
  margin: auto;
  padding-top: 12px;
  text-align: center;
  overflow: hidden;
}

.c0 .padding-s {
  width: auto;
  display: inline-block;
  border-bottom: 1px solid #d31546;
  padding: 8px;
  margin-bottom: 7px;
}

.c1 {
  text-align: center;
}

.c1 .packageName {
  font-family: 'AIAMedium';
  font-size: 20px;
  color: #685556;
  margin-bottom: 20px;
}

.c1 .iconPackage {
  display: inline-block;
  text-align: center;
  margin-bottom: -3.5px;
}

.c1 .iconPackage img {
  width: 36px;
  height: 30px;
}

.c1 .redText {
  color: #d31546;
}

.c3 {
  text-align: center;
  font-family: 'AIAMedium';
  color: #685556;
}

.c3 .small1 {
  font-size: 15px;
}

.c3 .small2 {
  font-size: 22px;
}

.c2 {
  font-family: 'AIAMedium';
  text-align: center;
  font-size: 15px;
  margin-top: -10px;
  color: #685556;
}

.c2 b {
  font-family: AIACondensed;
  font-size: 32px;
}

.c2 .term {
  margin-top: -3x;
  margin-bottom: -3px;
}

.c4 {
  text-align: left;
  margin-top: 15px;
}

.c4 .faqText > div > div > div {
  position: relative;
  bottom: 4px;
  right: -5px;
}

.c4 .faqText > div > div > div i {
  color: #596c80;
  width: 10px;
  height: 16px;
}

.c4 .faqText > div > div {
  position: relative;
  left: -6px;
  margin-bottom: -8px;
  padding-right: 29px;
}

.c4 .faqText > div {
  padding: 10px 0px 0px 0px;
}

.c4 .faqText > div > div:nth-child(2) {
  padding-bottom: 15px;
}

.c4 .itemBenefit {
  font-family: AIARegular;
  font-size: 16px;
  font-weight: normal;
  font-style: normal;
  font-stretch: normal;
  line-height: normal;
  -webkit-letter-spacing: -0.45px;
  -moz-letter-spacing: -0.45px;
  -ms-letter-spacing: -0.45px;
  letter-spacing: -0.45px;
  color: #685556;
}

.c13 {
  width: 100%;
  text-align: center;
  margin-top: 16px;
  margin-bottom: 10px;
}

.c13 button {
  width: 356px;
}

.c13 div:nth-child(1) {
  width: unset;
}

.c15 {
  margin: auto;
  padding-left: 50px;
  padding-right: 50px;
}

.c11 {
  -webkit-letter-spacing: 0.23px;
  -moz-letter-spacing: 0.23px;
  -ms-letter-spacing: 0.23px;
  letter-spacing: 0.23px;
  font-family: AIAMedium;
  color: #333333;
  text-transform: unset;
}

@media (max-width:1024px) {
  .c0 {
    width: 315px;
  }
}

@media (max-width:1024px) {
  .c13 button {
    width: 295px;
  }
}

<div
  className="c0"
>
  <div
    className="padding-s"
  >
    <div
      className="c1"
    >
      <div
        className="iconPackage"
      >
        <img
          alt=""
          src="test-file-stub"
        />
      </div>
      <div
        className="packageName"
      >
        Classic
      </div>
    </div>
    <div
      className="c2"
    >
      <b>
        S$ 
        8.1
      </b>
      <div
        className="term"
      >
        monthly
      </div>
    </div>
  </div>
  <div
    className="c3"
  >
    <div
      className="small1"
    >
      Maximum Insured amount
    </div>
    <div
      className="small2"
    >
      S$ 
      NaN
    </div>
  </div>
  <div
    className="c4"
  >
    <div
      className="faqText c5"
      style={null}
    >
      <div
        className="c6"
      >
        <div
          className="c7"
          onClick={[Function]}
        >
          <div
            className="c8"
          >
            <div
              className="c9"
              rotate={false}
            >
              <i
                className="icon-forward  c10"
                color="#000"
                size="m"
              />
            </div>
          </div>
          <p
            className="c11"
            fontFamily="AIAMedium"
          >
            <div
              className="itemBenefit"
            >
              <span
                style={
                  Object {
                    "fontWeight": "bold",
                  }
                }
              >
                S$
                2,000
                 
              </span>
              <span>
                name1
              </span>
            </div>
          </p>
        </div>
        <div
          className="c12"
        >
          description1
        </div>
      </div>
    </div>
  </div>
  <div
    className="c13"
  >
    <div
      className="c14"
      style={Object {}}
    >
      <button
        className="btn c15 c16"
        color="#FFFFFF"
        disabled={false}
        loading={false}
        onClick={[MockFunction]}
        radius={null}
      >
        <div
          className="child"
        >
          SELECT
        </div>
      </button>
    </div>
  </div>
</div>
`;
