// Jest Snapshot v1, https://goo.gl/fbAQLP

exports[`Component: Navbar should be match snapshot 1`] = `
.c2 {
  color: #000;
  font-size: 1em;
}

.c0 {
  height: 88px;
  width: 100%;
  position: -webkit-sticky;
  position: sticky;
  top: 0;
  background-color: #d31045;
  z-index: 999;
  padding: 0 48px;
}

.c1 {
  height: 100%;
  display: -webkit-box;
  display: -webkit-flex;
  display: -ms-flexbox;
  display: flex;
  -webkit-flex-flow: row nowrap;
  -ms-flex-flow: row nowrap;
  flex-flow: row nowrap;
  -webkit-box-pack: justify;
  -webkit-justify-content: space-between;
  -ms-flex-pack: justify;
  justify-content: space-between;
  -webkit-align-items: center;
  -webkit-box-align: center;
  -ms-flex-align: center;
  align-items: center;
}

.c1 a {
  width: 44px;
}

.c1 svg {
  margin: 0 20px;
}

.c4 {
  height: 88px;
  float: left;
}

.c4 ul {
  display: -webkit-box;
  display: -webkit-flex;
  display: -ms-flexbox;
  display: flex;
  -webkit-flex-direction: row;
  -ms-flex-direction: row;
  flex-direction: row;
  margin-bottom: 0;
  list-style: none;
  -webkit-align-items: center;
  -webkit-box-align: center;
  -ms-flex-align: center;
  align-items: center;
}

.c4 ul li a {
  padding: 24px;
  display: table-cell;
  height: 88px;
  vertical-align: bottom;
  width: 100px;
  font-size: 20px;
  line-height: 20px;
  font-family: 'AIATitle';
  text-transform: uppercase;
  color: #fff;
}

.c5 {
  height: 88px;
  float: right;
}

.c5 ul {
  display: -webkit-box;
  display: -webkit-flex;
  display: -ms-flexbox;
  display: flex;
  -webkit-flex-direction: row;
  -ms-flex-direction: row;
  flex-direction: row;
  margin-bottom: 0;
  list-style: none;
  -webkit-align-items: center;
  -webkit-box-align: center;
  -ms-flex-align: center;
  align-items: center;
}

.c5 ul li a {
  padding: 24px;
  display: table-cell;
  height: 88px;
  vertical-align: bottom;
  width: 100px;
  font-size: 20px;
  line-height: 20px;
  font-family: 'AIATitle';
  text-transform: uppercase;
  color: #fff;
}

.c3 {
  width: 44px;
  height: 44px;
  margin-right: 10vw;
}

.c6 {
  height: 88px;
  display: -webkit-box;
  display: -webkit-flex;
  display: -ms-flexbox;
  display: flex;
  -webkit-flex-direction: row;
  -ms-flex-direction: row;
  flex-direction: row;
  -webkit-align-items: center;
  -webkit-box-align: center;
  -ms-flex-align: center;
  align-items: center;
}

.c6 a {
  margin: 0 10px;
}

@media (max-width:992px) {
  .c0 {
    height: 80px;
    padding: 0;
  }
}

@media (max-width:768px) {
  .c0 {
    height: 60px;
    padding: 0;
  }
}

@media (min-width:993px) {
  .c1 {
    display: none;
  }
}

@media (max-width:992px) {
  .c4 {
    display: none;
  }
}

@media (max-width:992px) {
  .c5 {
    display: none;
  }
}

@media (max-width:992px) {
  .c3 {
    margin: 0%;
  }
}

@media (max-width:768px) {
  .c3 {
    width: 40px;
    height: 40px;
  }
}

<nav
  className="c0"
>
  <div
    className="c1"
  >
    <i
      className="icon-menu-nav  c2"
      color="#000"
      size="xs"
    />
    <a
      href="http://aia.com.sg"
      rel="noopener noreferrer"
      target="_blank"
    >
      <div
        className="c3 gatsby-image-wrapper"
        style={
          Object {
            "overflow": "hidden",
            "position": "relative",
          }
        }
      >
        <div
          style={
            Object {
              "paddingBottom": "100%",
              "width": "100%",
            }
          }
        />
        <img
          alt=""
          src="data:image/png;base64,iVBORw0KGgoAAAANSUhEUgAAABQAAAAUCAYAAACNiR0NAAAACXBIWXMAAAsSAAALEgHS3X78AAACZ0lEQVQ4y32UW4iNURTHv3MxTMYllzInjTGKya14EEbRpLyQ2+BpxqQhJbyNNDIuk9uLURIvrg8oClFEFPJizCA8kLxRSinyIJ3jt/RfxzpfsuvXXmvvtda391prf0mpVEps2Ay5RAN5LVyEPngPb+ExnIB5wS7n/sVisbxoSlZyMzyT825YAjNhNrTAMXgF16CQDuoBPdh2eA1Lk/8MCwBd8A7mxKAx+gZO+YC5WnoG8nLOeDBshoQ0zYeX0Ki9rG80wl0YLD1v+fBAzBZkql9Ra267CG6kr2B5afZgKpDvFWAs1PCRA8ydME57fptdsN4d6qE3BM8HeRZMsVm6FcjGJ6gNdgU+1uvKclihkzVobSiswmg18wVoDXl9qKD3YUIIugfqTGiFzTAadsJlAlm1J0MVnPITynFb6e/4YdfVusWZa0K35VCL1grn/3ypMsc9dmLJdfC9VDmsJ59Y1c1gC7SZA9zkdFag+lRL5XXVaWqPNXAE/Vwq8CTvJWuZr1q8BDOUr5xaah98sfZIPbse+TzV66qxxVpot76KlQtOTdpvgOGW17C3UQcaBR3RaR2MD/om5aRJ+giuOEzyVnhk7zvYL4QFMaAleqXk4/AZBuC2ctYXqvkN/Z4qvExr7fHZ+Y+hGu5AUUWwFrquvefWZ5I/6gAtyl9nOFjGH/wYlDcy/gCH4QUclOEANnslW/LPol/VP/InnEz/vizZO2AkTIdb9mmc2rTfD/v18SsWhPkoVKloHeWA5aiVlR0Ev2CxXxnnQ5LPWMH+4VNxwiT+9/QMT8NE6VaELsn2CLrD286GOiS/Aa/iv8rymE3HAAAAAElFTkSuQmCC"
          style={
            Object {
              "fontFamily": "\\"object-fit: cover; object-position: 50% 50%\\"",
              "height": "100%",
              "left": 0,
              "objectFit": "cover",
              "objectPosition": "50% 50%",
              "opacity": 1,
              "position": "absolute",
              "top": 0,
              "transitionDelay": "500ms",
              "width": "100%",
            }
          }
        />
        <picture>
          <source
            sizes="(max-width: 80px) 100vw, 80px"
            srcSet="/static/626b8c41be4495457c39299e8dab6e35/ab258/aia-logo-white.webp 80w"
            type="image/webp"
          />
          <source
            sizes="(max-width: 80px) 100vw, 80px"
            srcSet="/static/626b8c41be4495457c39299e8dab6e35/c0051/aia-logo-white.png 80w"
          />
          <img
            alt="logo"
            loading="lazy"
            onLoad={[Function]}
            sizes="(max-width: 80px) 100vw, 80px"
            src="/static/626b8c41be4495457c39299e8dab6e35/c0051/aia-logo-white.png"
            srcSet="/static/626b8c41be4495457c39299e8dab6e35/c0051/aia-logo-white.png 80w"
            style={
              Object {
                "fontFamily": "\\"object-fit: cover; object-position: 50% 50%\\"",
                "height": "100%",
                "left": 0,
                "objectFit": "cover",
                "objectPosition": "50% 50%",
                "opacity": 0,
                "position": "absolute",
                "top": 0,
                "transition": "opacity 500ms",
                "width": "100%",
              }
            }
          />
        </picture>
        <noscript
          dangerouslySetInnerHTML={
            Object {
              "__html": "<picture><source type='image/webp' srcset=\\"/static/626b8c41be4495457c39299e8dab6e35/ab258/aia-logo-white.webp 80w\\" sizes=\\"(max-width: 80px) 100vw, 80px\\" /><source srcset=\\"/static/626b8c41be4495457c39299e8dab6e35/c0051/aia-logo-white.png 80w\\" sizes=\\"(max-width: 80px) 100vw, 80px\\" /><img loading=\\"lazy\\" sizes=\\"(max-width: 80px) 100vw, 80px\\" srcset=\\"/static/626b8c41be4495457c39299e8dab6e35/c0051/aia-logo-white.png 80w\\" src=\\"/static/626b8c41be4495457c39299e8dab6e35/c0051/aia-logo-white.png\\" alt=\\"logo\\" style=\\"position:absolute;top:0;left:0;opacity:1;width:100%;height:100%;object-fit:cover;object-position:center\\"/></picture>",
            }
          }
        />
      </div>
    </a>
    <i
      className="icon-contact-nav  c2"
      color="#000"
      size="xs"
    />
  </div>
  <div
    className="c4"
  >
    <ul>
      <a
        href="http://aia.com.sg"
        rel="noopener noreferrer"
        target="_blank"
      >
        <div
          className="c3 gatsby-image-wrapper"
          style={
            Object {
              "overflow": "hidden",
              "position": "relative",
            }
          }
        >
          <div
            style={
              Object {
                "paddingBottom": "100%",
                "width": "100%",
              }
            }
          />
          <img
            alt=""
            src="data:image/png;base64,iVBORw0KGgoAAAANSUhEUgAAABQAAAAUCAYAAACNiR0NAAAACXBIWXMAAAsSAAALEgHS3X78AAACZ0lEQVQ4y32UW4iNURTHv3MxTMYllzInjTGKya14EEbRpLyQ2+BpxqQhJbyNNDIuk9uLURIvrg8oClFEFPJizCA8kLxRSinyIJ3jt/RfxzpfsuvXXmvvtda391prf0mpVEps2Ay5RAN5LVyEPngPb+ExnIB5wS7n/sVisbxoSlZyMzyT825YAjNhNrTAMXgF16CQDuoBPdh2eA1Lk/8MCwBd8A7mxKAx+gZO+YC5WnoG8nLOeDBshoQ0zYeX0Ki9rG80wl0YLD1v+fBAzBZkql9Ra267CG6kr2B5afZgKpDvFWAs1PCRA8ydME57fptdsN4d6qE3BM8HeRZMsVm6FcjGJ6gNdgU+1uvKclihkzVobSiswmg18wVoDXl9qKD3YUIIugfqTGiFzTAadsJlAlm1J0MVnPITynFb6e/4YdfVusWZa0K35VCL1grn/3ypMsc9dmLJdfC9VDmsJ59Y1c1gC7SZA9zkdFag+lRL5XXVaWqPNXAE/Vwq8CTvJWuZr1q8BDOUr5xaah98sfZIPbse+TzV66qxxVpot76KlQtOTdpvgOGW17C3UQcaBR3RaR2MD/om5aRJ+giuOEzyVnhk7zvYL4QFMaAleqXk4/AZBuC2ctYXqvkN/Z4qvExr7fHZ+Y+hGu5AUUWwFrquvefWZ5I/6gAtyl9nOFjGH/wYlDcy/gCH4QUclOEANnslW/LPol/VP/InnEz/vizZO2AkTIdb9mmc2rTfD/v18SsWhPkoVKloHeWA5aiVlR0Ev2CxXxnnQ5LPWMH+4VNxwiT+9/QMT8NE6VaELsn2CLrD286GOiS/Aa/iv8rymE3HAAAAAElFTkSuQmCC"
            style={
              Object {
                "fontFamily": "\\"object-fit: cover; object-position: 50% 50%\\"",
                "height": "100%",
                "left": 0,
                "objectFit": "cover",
                "objectPosition": "50% 50%",
                "opacity": 1,
                "position": "absolute",
                "top": 0,
                "transitionDelay": "500ms",
                "width": "100%",
              }
            }
          />
          <picture>
            <source
              sizes="(max-width: 80px) 100vw, 80px"
              srcSet="/static/626b8c41be4495457c39299e8dab6e35/ab258/aia-logo-white.webp 80w"
              type="image/webp"
            />
            <source
              sizes="(max-width: 80px) 100vw, 80px"
              srcSet="/static/626b8c41be4495457c39299e8dab6e35/c0051/aia-logo-white.png 80w"
            />
            <img
              alt="logo"
              loading="lazy"
              onLoad={[Function]}
              sizes="(max-width: 80px) 100vw, 80px"
              src="/static/626b8c41be4495457c39299e8dab6e35/c0051/aia-logo-white.png"
              srcSet="/static/626b8c41be4495457c39299e8dab6e35/c0051/aia-logo-white.png 80w"
              style={
                Object {
                  "fontFamily": "\\"object-fit: cover; object-position: 50% 50%\\"",
                  "height": "100%",
                  "left": 0,
                  "objectFit": "cover",
                  "objectPosition": "50% 50%",
                  "opacity": 0,
                  "position": "absolute",
                  "top": 0,
                  "transition": "opacity 500ms",
                  "width": "100%",
                }
              }
            />
          </picture>
          <noscript
            dangerouslySetInnerHTML={
              Object {
                "__html": "<picture><source type='image/webp' srcset=\\"/static/626b8c41be4495457c39299e8dab6e35/ab258/aia-logo-white.webp 80w\\" sizes=\\"(max-width: 80px) 100vw, 80px\\" /><source srcset=\\"/static/626b8c41be4495457c39299e8dab6e35/c0051/aia-logo-white.png 80w\\" sizes=\\"(max-width: 80px) 100vw, 80px\\" /><img loading=\\"lazy\\" sizes=\\"(max-width: 80px) 100vw, 80px\\" srcset=\\"/static/626b8c41be4495457c39299e8dab6e35/c0051/aia-logo-white.png 80w\\" src=\\"/static/626b8c41be4495457c39299e8dab6e35/c0051/aia-logo-white.png\\" alt=\\"logo\\" style=\\"position:absolute;top:0;left:0;opacity:1;width:100%;height:100%;object-fit:cover;object-position:center\\"/></picture>",
              }
            }
          />
        </div>
      </a>
      <li>
        <a
          href="/"
        >
          our product
        </a>
      </li>
      <li>
        <a
          href="/"
        >
          life matters
        </a>
      </li>
      <li>
        <a
          href="/"
        >
          about aia
        </a>
      </li>
      <li>
        <a
          href="/"
        >
          help & support
        </a>
      </li>
      <li>
        <a
          href="/"
        >
          my aia
        </a>
      </li>
    </ul>
  </div>
  <div
    className="c5"
  >
    <div
      className="c6"
    >
      <a
        href="aia.com.sg"
      >
        <i
          className="icon-search-nav  c2"
          color="#000"
          size="xs"
        />
      </a>
      <a
        href="aia.com.sg"
      >
        <i
          className="icon-contact-nav  c2"
          color="#000"
          size="xs"
        />
      </a>
    </div>
  </div>
</nav>
`;
