// Jest Snapshot v1, https://goo.gl/fbAQLP

exports[`Container should match the snapshot 1`] = `
.c0 {
  display: block;
  margin: 64px;
}

@media (max-width:768px) {
  .c0 {
    margin: 5px;
  }
}

@media (min-width:768px) and (max-width:992px) {
  .c0 {
    margin: 10px;
  }
}

@media (min-width:992px) and (max-width:1200px) {
  .c0 {
    margin: 44px;
  }
}

@media (min-width:1200px) {
  .c0 {
    margin: 64px;
  }
}

@media (max-width:768px) {
  .c0 {
    margin: 64px 0 0 0;
  }
}

<div
  className="c0"
/>
`;
