// Jest Snapshot v1, https://goo.gl/fbAQLP

exports[`TextCenter should match the snapshot 1`] = `
.c0 {
  text-align: center;
}

<div
  className="c0"
/>
`;
