// Jest Snapshot v1, https://goo.gl/fbAQLP

exports[`Layout Component should be match snapshot 1`] = `
Array [
  .c5 {
  color: #D31145;
  font-size: 2em;
}

.c4 {
  background: none;
  border: 1px solid #D31145;
  padding: 10px;
  line-height: 1;
}

.c4:active {
  -webkit-transform: scale(0.9);
  -ms-transform: scale(0.9);
  transform: scale(0.9);
  -webkit-transition: scale 0.1s ease-in-out;
  transition: scale 0.1s ease-in-out;
}

.c4:focus {
  outline: none;
}

.c4:disabled {
  -webkit-transform: scale(1);
  -ms-transform: scale(1);
  transform: scale(1);
  opacity: 0.4;
  -webkit-filter: alpha(opacity=40);
  filter: alpha(opacity=40);
}

.c0 {
  position: relative;
  display: -webkit-box;
  display: -webkit-flex;
  display: -ms-flexbox;
  display: flex;
  height: 80px;
  -webkit-box-pack: justify;
  -webkit-justify-content: space-between;
  -ms-flex-pack: justify;
  justify-content: space-between;
  background: #fff;
  box-shadow: 0 2px 4px 0 #eeeeee;
}

.c3 {
  border: none;
}

.c2 {
  height: 40px;
  margin: 18px;
}

.c1 {
  margin: 23px 0px 23px 40px;
}

.c1 button {
  padding: 5px;
  box-shadow: 0px 2px 5px 0px rgba(0,0,0,0.7);
}

.c1 button:hover {
  box-shadow: 0px 5px 15px 0px rgba(0,0,0,0.7);
}

.c1 i {
  font-size: 1.5em;
}

@media screen and (max-width:640px) {
  .c1 {
    margin-left: 20px;
    margin-right: 0px;
  }
}

<div
    style={
      Object {
        "minHeight": "calc(100vh - 70px)",
        "overflow": "hidden",
      }
    }
  >
    <nav
      className="c0"
      style={Object {}}
    >
      <div
        className="c1"
        onClick={[Function]}
      />
      <img
        className="c2"
        src="test-file-stub"
      />
      <button
        className="c3 c4"
        disabled={false}
        onClick={null}
        radius={null}
        style={
          Object {
            "visibility": "hidden",
          }
        }
      >
        <i
          className="icon-bubble-chat  c5"
          color="#D31145"
          size="m"
        />
      </button>
    </nav>
    <div
      style={
        Object {
          "margin": "0 auto",
        }
      }
    >
      container
    </div>
  </div>,
  .c0:hover {
  color: #b3b1a8;
}

<div
    style={
      Object {
        "height": "8%",
      }
    }
  >
    <div
      className="footer"
    >
      <div />
      <div>
        <div
          className="container bg-b9 padding-0"
          style={
            Object {
              "textAlign": "center",
            }
          }
        >
          <div
            className="text-center margin-top-s margin-top-sm-s margin-bottom-s margin-bottom-sm-s"
          >
            <a
              className="b5 bt5 c0"
              href="https://www.aia.com.sg/en/index/terms-of-use.html"
              target="_self"
            >
              Terms of Use
            </a>
            <span
              className="b5 link-seperator"
            >
               | 
            </span>
            <a
              className="b5 bt5 c0"
              href="https://www.aia.com.sg/en/index/personal-data-policy.html"
              target="_self"
            >
              AIA Personal Data Policy (Singapore)
            </a>
          </div>
        </div>
      </div>
    </div>
  </div>,
]
`;

exports[`Layout Component should be match snapshot without navbar 1`] = `
Array [
  <div
    style={
      Object {
        "minHeight": "calc(100vh - 70px)",
        "overflow": "hidden",
      }
    }
  >
    <div
      style={
        Object {
          "margin": "0 auto",
        }
      }
    >
      container
    </div>
  </div>,
  .c0:hover {
  color: #b3b1a8;
}

<div
    style={
      Object {
        "height": "8%",
      }
    }
  >
    <div
      className="footer"
    >
      <div />
      <div>
        <div
          className="container bg-b9 padding-0"
          style={
            Object {
              "textAlign": "center",
            }
          }
        >
          <div
            className="text-center margin-top-s margin-top-sm-s margin-bottom-s margin-bottom-sm-s"
          >
            <a
              className="b5 bt5 c0"
              href="https://www.aia.com.sg/en/index/terms-of-use.html"
              target="_self"
            >
              Terms of Use
            </a>
            <span
              className="b5 link-seperator"
            >
               | 
            </span>
            <a
              className="b5 bt5 c0"
              href="https://www.aia.com.sg/en/index/personal-data-policy.html"
              target="_self"
            >
              AIA Personal Data Policy (Singapore)
            </a>
          </div>
        </div>
      </div>
    </div>
  </div>,
]
`;
